[2023-06-20 23:10:28][INFO] Hello World!
[2023-06-20 23:10:28][DEBUG] Hello World!
[2023-06-20 23:10:28][WARNING] Hello World!
[2023-06-20 23:10:28][ERROR] Hello World!
[2023-06-20 23:10:28][INFO] a = 1.700000, b = 1.700000, c = 1
[2023-06-20 23:10:28][DEBUG] a = 1.700000, b = 1.700000, c = 1
[2023-06-20 23:10:28][WARNING] a = 1.700000, b = 1.700000, c = 1
[2023-06-20 23:10:28][ERROR] a = 1.700000, b = 1.700000, c = 1
[2023-06-20 23:10:28][INFO] - mName: 'Ihsan', description: 'Ahmet'
